// Jest Snapshot v1, https://jestjs.io/docs/snapshot-testing

exports[`Button 컴포넌트 스냅샷 테스트 1`] = `
<div>
  <button
    class="bg-blue-500  "
  >
    버튼
  </button>
</div>
`;

exports[`로딩 상태 1`] = `
<div>
  <button
    class="bg-blue-500  animate-pulse"
  >
    클릭
  </button>
</div>
`;

exports[`비활성화 상태 1`] = `
<div>
  <button
    class="bg-blue-500 cursor-not-allowed opacity-50 "
  >
    클릭
  </button>
</div>
`;
